// Jest Snapshot v1, https://goo.gl/fbAQLP

exports[`Cache Function Should differentiate class with scope 1`] = `
Object {
  "ctor": Object {
    "kind": "Constructor",
    "name": "constructor",
    "parameters": Array [],
  },
  "decorators": Array [
    Object {
      "name": "first",
      Symbol(tinspector:decoratorOption): Object {
        "allowMultiple": true,
        "inherit": true,
      },
    },
  ],
  "kind": "Class",
  "methods": Array [
    Object {
      "decorators": Array [],
      "kind": "Method",
      "name": "method",
      "parameters": Array [
        Object {
          "decorators": Array [],
          "kind": "Parameter",
          "name": "par",
          "properties": Object {},
          "type": undefined,
          "typeClassification": undefined,
        },
      ],
      "returnType": undefined,
      "typeClassification": undefined,
    },
  ],
  "name": "MyClass",
  "properties": Array [],
  "type": MyClass,
  "typeClassification": "Class",
}
`;

exports[`Cache Function Should differentiate class with scope 2`] = `
Object {
  "ctor": Object {
    "kind": "Constructor",
    "name": "constructor",
    "parameters": Array [],
  },
  "decorators": Array [
    Object {
      "name": "second",
      Symbol(tinspector:decoratorOption): Object {
        "allowMultiple": true,
        "inherit": true,
      },
    },
  ],
  "kind": "Class",
  "methods": Array [
    Object {
      "decorators": Array [],
      "kind": "Method",
      "name": "method",
      "parameters": Array [
        Object {
          "decorators": Array [],
          "kind": "Parameter",
          "name": "par",
          "properties": Object {},
          "type": undefined,
          "typeClassification": undefined,
        },
      ],
      "returnType": undefined,
      "typeClassification": undefined,
    },
  ],
  "name": "MyClass",
  "properties": Array [],
  "type": MyClass,
  "typeClassification": "Class",
}
`;
