// Jest Snapshot v1, https://goo.gl/fbAQLP

exports[`Class Introspection Should able to define return type of method 1`] = `
Object {
  "ctor": Object {
    "kind": "Constructor",
    "name": "constructor",
    "parameters": Array [],
  },
  "decorators": Array [],
  "kind": "Class",
  "methods": Array [
    Object {
      "decorators": Array [
        Object {
          "info": undefined,
          "kind": "Override",
          "type": Array [
            Number,
          ],
        },
      ],
      "kind": "Method",
      "name": "method",
      "parameters": Array [],
      "returnType": Array [
        Number,
      ],
      "typeClassification": "Array",
    },
  ],
  "name": "DummyClass",
  "properties": Array [],
  "type": DummyClass,
  "typeClassification": "Class",
}
`;

exports[`Class Introspection Should able to override type with other type 1`] = `
Object {
  "ctor": Object {
    "kind": "Constructor",
    "name": "constructor",
    "parameters": Array [],
  },
  "decorators": Array [],
  "kind": "Class",
  "methods": Array [
    Object {
      "decorators": Array [],
      "kind": "Method",
      "name": "method",
      "parameters": Array [
        Object {
          "decorators": Array [
            Object {
              "info": "Readonly",
              "kind": "Override",
              "type": OtherDummyClass,
            },
          ],
          "kind": "Parameter",
          "name": "dummy",
          "properties": Object {},
          "type": OtherDummyClass,
          "typeClassification": "Class",
        },
      ],
      "returnType": undefined,
      "typeClassification": undefined,
    },
  ],
  "name": "DummyClass",
  "properties": Array [],
  "type": DummyClass,
  "typeClassification": "Class",
}
`;

exports[`Class Introspection Should inspect array on constructor parameters 1`] = `
Object {
  "ctor": Object {
    "kind": "Constructor",
    "name": "constructor",
    "parameters": Array [
      Object {
        "decorators": Array [
          Object {
            "kind": "Array",
            "type": EmptyClass,
          },
        ],
        "kind": "Parameter",
        "name": "empty",
        "properties": Object {},
        "type": Array [
          EmptyClass,
        ],
        "typeClassification": "Array",
      },
    ],
  },
  "decorators": Array [
    Object {},
  ],
  "kind": "Class",
  "methods": Array [],
  "name": "DummyClass",
  "properties": Array [],
  "type": DummyClass,
  "typeClassification": "Class",
}
`;

exports[`Class Introspection Should inspect array on method parameter 1`] = `
Object {
  "ctor": Object {
    "kind": "Constructor",
    "name": "constructor",
    "parameters": Array [],
  },
  "decorators": Array [],
  "kind": "Class",
  "methods": Array [
    Object {
      "decorators": Array [
        Object {},
      ],
      "kind": "Method",
      "name": "dummyMethod",
      "parameters": Array [
        Object {
          "decorators": Array [
            Object {
              "kind": "Array",
              "type": EmptyClass,
            },
          ],
          "kind": "Parameter",
          "name": "empty",
          "properties": Object {},
          "type": Array [
            EmptyClass,
          ],
          "typeClassification": "Array",
        },
      ],
      "returnType": undefined,
      "typeClassification": undefined,
    },
  ],
  "name": "DummyClass",
  "properties": Array [],
  "type": DummyClass,
  "typeClassification": "Class",
}
`;

exports[`Class Introspection Should inspect array on method parameter using @reflect.type 1`] = `
Object {
  "ctor": Object {
    "kind": "Constructor",
    "name": "constructor",
    "parameters": Array [],
  },
  "decorators": Array [],
  "kind": "Class",
  "methods": Array [
    Object {
      "decorators": Array [
        Object {},
      ],
      "kind": "Method",
      "name": "dummyMethod",
      "parameters": Array [
        Object {
          "decorators": Array [
            Object {
              "info": undefined,
              "kind": "Override",
              "type": Array [
                EmptyClass,
              ],
            },
          ],
          "kind": "Parameter",
          "name": "empty",
          "properties": Object {},
          "type": Array [
            EmptyClass,
          ],
          "typeClassification": "Array",
        },
      ],
      "returnType": undefined,
      "typeClassification": undefined,
    },
  ],
  "name": "DummyClass",
  "properties": Array [],
  "type": DummyClass,
  "typeClassification": "Class",
}
`;

exports[`Class Introspection Should inspect class properly 1`] = `
Object {
  "ctor": Object {
    "kind": "Constructor",
    "name": "constructor",
    "parameters": Array [],
  },
  "decorators": Array [],
  "kind": "Class",
  "methods": Array [
    Object {
      "decorators": Array [],
      "kind": "Method",
      "name": "dummyMethod",
      "parameters": Array [],
      "returnType": undefined,
      "typeClassification": undefined,
    },
  ],
  "name": "DummyClass",
  "properties": Array [],
  "type": DummyClass,
  "typeClassification": "Class",
}
`;

exports[`Class Introspection Should inspect class with constructor parameters 1`] = `
Object {
  "ctor": Object {
    "kind": "Constructor",
    "name": "constructor",
    "parameters": Array [
      Object {
        "decorators": Array [],
        "kind": "Parameter",
        "name": "id",
        "properties": Object {},
        "type": undefined,
        "typeClassification": undefined,
      },
      Object {
        "decorators": Array [],
        "kind": "Parameter",
        "name": "name",
        "properties": Object {},
        "type": undefined,
        "typeClassification": undefined,
      },
    ],
  },
  "decorators": Array [],
  "kind": "Class",
  "methods": Array [],
  "name": "DummyClass",
  "properties": Array [],
  "type": DummyClass,
  "typeClassification": "Class",
}
`;

exports[`Class Introspection Should inspect class with method parameters 1`] = `
Object {
  "ctor": Object {
    "kind": "Constructor",
    "name": "constructor",
    "parameters": Array [],
  },
  "decorators": Array [],
  "kind": "Class",
  "methods": Array [
    Object {
      "decorators": Array [],
      "kind": "Method",
      "name": "dummyMethod",
      "parameters": Array [
        Object {
          "decorators": Array [],
          "kind": "Parameter",
          "name": "dummy",
          "properties": Object {},
          "type": undefined,
          "typeClassification": undefined,
        },
        Object {
          "decorators": Array [],
          "kind": "Parameter",
          "name": "other",
          "properties": Object {},
          "type": undefined,
          "typeClassification": undefined,
        },
      ],
      "returnType": undefined,
      "typeClassification": undefined,
    },
  ],
  "name": "DummyClass",
  "properties": Array [],
  "type": DummyClass,
  "typeClassification": "Class",
}
`;

exports[`Class Introspection Should inspect constructor parameters type with decorator 1`] = `
Object {
  "ctor": Object {
    "kind": "Constructor",
    "name": "constructor",
    "parameters": Array [
      Object {
        "decorators": Array [],
        "kind": "Parameter",
        "name": "id",
        "properties": Object {},
        "type": Number,
        "typeClassification": "Primitive",
      },
      Object {
        "decorators": Array [],
        "kind": "Parameter",
        "name": "name",
        "properties": Object {},
        "type": String,
        "typeClassification": "Primitive",
      },
    ],
  },
  "decorators": Array [
    Object {},
  ],
  "kind": "Class",
  "methods": Array [],
  "name": "DummyClass",
  "properties": Array [],
  "type": DummyClass,
  "typeClassification": "Class",
}
`;

exports[`Class Introspection Should inspect destructed method parameter type 1`] = `
Object {
  "ctor": Object {
    "kind": "Constructor",
    "name": "constructor",
    "parameters": Array [],
  },
  "decorators": Array [],
  "kind": "Class",
  "methods": Array [
    Object {
      "decorators": Array [
        Object {},
      ],
      "kind": "Method",
      "name": "dummyMethod",
      "parameters": Array [
        Object {
          "decorators": Array [
            Object {
              "info": undefined,
              "kind": "Override",
              "type": Domain,
            },
          ],
          "kind": "Parameter",
          "name": "__destruct__",
          "properties": Array [
            "date",
            "name",
          ],
          "type": Domain,
          "typeClassification": "Class",
        },
      ],
      "returnType": undefined,
      "typeClassification": undefined,
    },
  ],
  "name": "DummyClass",
  "properties": Array [],
  "type": DummyClass,
  "typeClassification": "Class",
}
`;

exports[`Class Introspection Should inspect destructed parameters type with method decorator 1`] = `
Object {
  "ctor": Object {
    "kind": "Constructor",
    "name": "constructor",
    "parameters": Array [],
  },
  "decorators": Array [],
  "kind": "Class",
  "methods": Array [
    Object {
      "decorators": Array [
        Object {},
      ],
      "kind": "Method",
      "name": "dummyMethod",
      "parameters": Array [
        Object {
          "decorators": Array [],
          "kind": "Parameter",
          "name": "par",
          "properties": Object {},
          "type": String,
          "typeClassification": "Primitive",
        },
        Object {
          "decorators": Array [],
          "kind": "Parameter",
          "name": "__destruct__",
          "properties": Array [
            "date",
            "name",
          ],
          "type": Domain,
          "typeClassification": "Class",
        },
      ],
      "returnType": Number,
      "typeClassification": "Primitive",
    },
  ],
  "name": "DummyClass",
  "properties": Array [],
  "type": DummyClass,
  "typeClassification": "Class",
}
`;

exports[`Class Introspection Should inspect parameters type with method decorator 1`] = `
Object {
  "ctor": Object {
    "kind": "Constructor",
    "name": "constructor",
    "parameters": Array [],
  },
  "decorators": Array [],
  "kind": "Class",
  "methods": Array [
    Object {
      "decorators": Array [
        Object {},
      ],
      "kind": "Method",
      "name": "dummyMethod",
      "parameters": Array [
        Object {
          "decorators": Array [],
          "kind": "Parameter",
          "name": "dummy",
          "properties": Object {},
          "type": String,
          "typeClassification": "Primitive",
        },
        Object {
          "decorators": Array [],
          "kind": "Parameter",
          "name": "other",
          "properties": Object {},
          "type": Object,
          "typeClassification": "Primitive",
        },
      ],
      "returnType": Number,
      "typeClassification": "Primitive",
    },
  ],
  "name": "DummyClass",
  "properties": Array [],
  "type": DummyClass,
  "typeClassification": "Class",
}
`;
