// Jest Snapshot v1, https://goo.gl/fbAQLP

exports[`Private Decorator Should be able to ignore get set 1`] = `
Object {
  "ctor": Object {
    "kind": "Constructor",
    "name": "constructor",
    "parameters": Array [],
  },
  "decorators": Array [],
  "kind": "Class",
  "methods": Array [],
  "name": "DummyClass",
  "properties": Array [],
  "type": DummyClass,
  "typeClassification": "Class",
}
`;

exports[`Private Decorator Should be able to ignore method 1`] = `
Object {
  "ctor": Object {
    "kind": "Constructor",
    "name": "constructor",
    "parameters": Array [],
  },
  "decorators": Array [],
  "kind": "Class",
  "methods": Array [],
  "name": "DummyClass",
  "properties": Array [],
  "type": DummyClass,
  "typeClassification": "Class",
}
`;

exports[`Private Decorator Should be able to ignore parameter properties 1`] = `
Object {
  "ctor": Object {
    "kind": "Constructor",
    "name": "constructor",
    "parameters": Array [
      Object {
        "decorators": Array [],
        "kind": "Parameter",
        "name": "data",
        "properties": Object {},
        "type": String,
        "typeClassification": "Primitive",
      },
      Object {
        "decorators": Array [
          Object {
            "kind": "Ignore",
          },
        ],
        "kind": "Parameter",
        "name": "id",
        "properties": Object {},
        "type": String,
        "typeClassification": "Primitive",
      },
    ],
  },
  "decorators": Array [
    Object {
      "type": "ParameterProperties",
    },
  ],
  "kind": "Class",
  "methods": Array [],
  "name": "DummyClass",
  "properties": Array [
    Object {
      "decorators": Array [],
      "get": undefined,
      "kind": "Property",
      "name": "data",
      "set": undefined,
      "type": String,
    },
  ],
  "type": DummyClass,
  "typeClassification": "Class",
}
`;
